Starting…
Running 'Verilator.Lint' at 'project/m4/synth/runs/RUN_2026-06-07_22-16-38/01-verilator-lint'…
Logging subprocess to [repr.filename]'project/m4/synth/runs/RUN_2026-06-07_22-16-38/01-verilator-lint/verilator-lint.log'[/repr.filename]…
Running 'Checker.LintTimingConstructs' at 'project/m4/synth/runs/RUN_2026-06-07_22-16-38/02-checker-linttimingconstructs'…
Check for Lint Timing Errors clear.
Running 'Checker.LintErrors' at 'project/m4/synth/runs/RUN_2026-06-07_22-16-38/03-checker-linterrors'…
Check for Lint errors clear.
Running 'Checker.LintWarnings' at 'project/m4/synth/runs/RUN_2026-06-07_22-16-38/04-checker-lintwarnings'…
453 Lint warnings found.
Running 'Yosys.JsonHeader' at 'project/m4/synth/runs/RUN_2026-06-07_22-16-38/05-yosys-jsonheader'…
Logging subprocess to [repr.filename]'project/m4/synth/runs/RUN_2026-06-07_22-16-38/05-yosys-jsonheader/yosys-jsonheader.log'[/repr.filename]…
Running 'Yosys.Synthesis' at 'project/m4/synth/runs/RUN_2026-06-07_22-16-38/06-yosys-synthesis'…
Logging subprocess to [repr.filename]'project/m4/synth/runs/RUN_2026-06-07_22-16-38/06-yosys-synthesis/yosys-synthesis.log'[/repr.filename]…
Parsing synthesis checks…
Running 'Checker.YosysUnmappedCells' at 'project/m4/synth/runs/RUN_2026-06-07_22-16-38/07-checker-yosysunmappedcells'…
Check for Unmapped Yosys instances clear.
Running 'Checker.YosysSynthChecks' at 'project/m4/synth/runs/RUN_2026-06-07_22-16-38/08-checker-yosyssynthchecks'…
Check for Yosys check errors clear.
Running 'Checker.NetlistAssignStatements' at 'project/m4/synth/runs/RUN_2026-06-07_22-16-38/09-checker-netlistassignstatements'…
Running 'OpenROAD.CheckSDCFiles' at 'project/m4/synth/runs/RUN_2026-06-07_22-16-38/10-openroad-checksdcfiles'…
'PNR_SDC_FILE' is not defined. Using generic fallback SDC for OpenROAD PnR steps.
'SIGNOFF_SDC_FILE' is not defined. Using generic fallback SDC for OpenROAD PnR steps.
Running 'OpenROAD.CheckMacroInstances' at 'project/m4/synth/runs/RUN_2026-06-07_22-16-38/11-openroad-checkmacroinstances'…
No macros found, skipping instance check…
Running 'OpenROAD.STAPrePNR' at 'project/m4/synth/runs/RUN_2026-06-07_22-16-38/12-openroad-staprepnr'…
Starting STA for the nom_tt_025C_1v80 timing corner…
Starting STA for the nom_ss_100C_1v60 timing corner…
Skipping corner min_tt_025C_1v80 for STA (identical to nom_tt_025C_1v80 at this stage)…
Logging subprocess to [repr.filename]'project/m4/synth/runs/RUN_2026-06-07_22-16-38/12-openroad-staprepnr/nom_tt_025C_1v80/sta.log'[/repr.filename]…
Logging subprocess to [repr.filename]'project/m4/synth/runs/RUN_2026-06-07_22-16-38/12-openroad-staprepnr/nom_ss_100C_1v60/sta.log'[/repr.filename]…
Skipping corner min_ss_100C_1v60 for STA (identical to nom_ss_100C_1v60 at this stage)…
Skipping corner min_ff_n40C_1v95 for STA (identical to nom_ff_n40C_1v95 at this stage)…
Skipping corner max_tt_025C_1v80 for STA (identical to nom_tt_025C_1v80 at this stage)…
Skipping corner max_ss_100C_1v60 for STA (identical to nom_ss_100C_1v60 at this stage)…
Skipping corner max_ff_n40C_1v95 for STA (identical to nom_ff_n40C_1v95 at this stage)…
Finished STA for the nom_tt_025C_1v80 timing corner.
Starting STA for the nom_ff_n40C_1v95 timing corner…
Logging subprocess to [repr.filename]'project/m4/synth/runs/RUN_2026-06-07_22-16-38/12-openroad-staprepnr/nom_ff_n40C_1v95/sta.log'[/repr.filename]…
Finished STA for the nom_ss_100C_1v60 timing corner.
Finished STA for the nom_ff_n40C_1v95 timing corner.
Running 'OpenROAD.Floorplan' at 'project/m4/synth/runs/RUN_2026-06-07_22-16-38/13-openroad-floorplan'…
Logging subprocess to [repr.filename]'project/m4/synth/runs/RUN_2026-06-07_22-16-38/13-openroad-floorplan/openroad-floorplan.log'[/repr.filename]…
Running 'Odb.CheckMacroAntennaProperties' at 'project/m4/synth/runs/RUN_2026-06-07_22-16-38/14-odb-checkmacroantennaproperties'…
No cells provided, skipping…
Running 'Odb.SetPowerConnections' at 'project/m4/synth/runs/RUN_2026-06-07_22-16-38/15-odb-setpowerconnections'…
Logging subprocess to [repr.filename]'project/m4/synth/runs/RUN_2026-06-07_22-16-38/15-odb-setpowerconnections/odb-setpowerconnections.log'[/repr.filename]…
Running 'Odb.ManualMacroPlacement' at 'project/m4/synth/runs/RUN_2026-06-07_22-16-38/16-odb-manualmacroplacement'…
No instances found, skipping 'Odb.ManualMacroPlacement'…
Running 'OpenROAD.CutRows' at 'project/m4/synth/runs/RUN_2026-06-07_22-16-38/17-openroad-cutrows'…
Logging subprocess to [repr.filename]'project/m4/synth/runs/RUN_2026-06-07_22-16-38/17-openroad-cutrows/openroad-cutrows.log'[/repr.filename]…
Running 'OpenROAD.TapEndcapInsertion' at 'project/m4/synth/runs/RUN_2026-06-07_22-16-38/18-openroad-tapendcapinsertion'…
Logging subprocess to [repr.filename]'project/m4/synth/runs/RUN_2026-06-07_22-16-38/18-openroad-tapendcapinsertion/openroad-tapendcapinsertion.log'[/repr.filename]…
Running 'Odb.AddPDNObstructions' at 'project/m4/synth/runs/RUN_2026-06-07_22-16-38/19-odb-addpdnobstructions'…
'PDN_OBSTRUCTIONS' is not defined. Skipping 'Odb.AddPDNObstructions'…
Running 'OpenROAD.GeneratePDN' at 'project/m4/synth/runs/RUN_2026-06-07_22-16-38/20-openroad-generatepdn'…
'FP_PDN_CFG' not explicitly set, setting it to /nix/store/ss2cw3sxbrwwx9jl0rrppbw4kgcmgi2n-python3-3.11.9-env/lib/python3.11/site-packages/openlane/scripts/openroad/common/pdn_cfg.tcl…
Logging subprocess to [repr.filename]'project/m4/synth/runs/RUN_2026-06-07_22-16-38/20-openroad-generatepdn/openroad-generatepdn.log'[/repr.filename]…
Running 'Odb.RemovePDNObstructions' at 'project/m4/synth/runs/RUN_2026-06-07_22-16-38/21-odb-removepdnobstructions'…
'PDN_OBSTRUCTIONS' is not defined. Skipping 'Odb.RemovePDNObstructions'…
Running 'Odb.AddRoutingObstructions' at 'project/m4/synth/runs/RUN_2026-06-07_22-16-38/22-odb-addroutingobstructions'…
'ROUTING_OBSTRUCTIONS' is not defined. Skipping 'Odb.AddRoutingObstructions'…
Running 'OpenROAD.GlobalPlacementSkipIO' at 'project/m4/synth/runs/RUN_2026-06-07_22-16-38/23-openroad-globalplacementskipio'…
Logging subprocess to [repr.filename]'project/m4/synth/runs/RUN_2026-06-07_22-16-38/23-openroad-globalplacementskipio/openroad-globalplacementskipio.log'[/repr.filename]…
Running 'OpenROAD.IOPlacement' at 'project/m4/synth/runs/RUN_2026-06-07_22-16-38/24-openroad-ioplacement'…
Logging subprocess to [repr.filename]'project/m4/synth/runs/RUN_2026-06-07_22-16-38/24-openroad-ioplacement/openroad-ioplacement.log'[/repr.filename]…
Running 'Odb.CustomIOPlacement' at 'project/m4/synth/runs/RUN_2026-06-07_22-16-38/25-odb-customioplacement'…
No custom floorplan file configured, skipping…
Running 'Odb.ApplyDEFTemplate' at 'project/m4/synth/runs/RUN_2026-06-07_22-16-38/26-odb-applydeftemplate'…
No DEF template provided, skipping…
Running 'OpenROAD.GlobalPlacement' at 'project/m4/synth/runs/RUN_2026-06-07_22-16-38/27-openroad-globalplacement'…
Logging subprocess to [repr.filename]'project/m4/synth/runs/RUN_2026-06-07_22-16-38/27-openroad-globalplacement/openroad-globalplacement.log'[/repr.filename]…
Running 'Odb.WriteVerilogHeader' at 'project/m4/synth/runs/RUN_2026-06-07_22-16-38/28-odb-writeverilogheader'…
Logging subprocess to [repr.filename]'project/m4/synth/runs/RUN_2026-06-07_22-16-38/28-odb-writeverilogheader/odb-writeverilogheader.log'[/repr.filename]…
Running 'Checker.PowerGridViolations' at 'project/m4/synth/runs/RUN_2026-06-07_22-16-38/29-checker-powergridviolations'…
Check for power grid violations (as reported by OpenROAD PSM- you may ignore these if LVS passes) clear.
Running 'OpenROAD.STAMidPNR' at 'project/m4/synth/runs/RUN_2026-06-07_22-16-38/30-openroad-stamidpnr'…
Logging subprocess to [repr.filename]'project/m4/synth/runs/RUN_2026-06-07_22-16-38/30-openroad-stamidpnr/openroad-stamidpnr.log'[/repr.filename]…
[GRT-0097] No global routing found for nets.
Running 'OpenROAD.RepairDesignPostGPL' at 'project/m4/synth/runs/RUN_2026-06-07_22-16-38/31-openroad-repairdesignpostgpl'…
Logging subprocess to [repr.filename]'project/m4/synth/runs/RUN_2026-06-07_22-16-38/31-openroad-repairdesignpostgpl/openroad-repairdesignpostgpl.log'[/repr.filename]…
Running 'Odb.ManualGlobalPlacement' at 'project/m4/synth/runs/RUN_2026-06-07_22-16-38/32-odb-manualglobalplacement'…
'MANUAL_GLOBAL_PLACEMENTS' not set, skipping…
Running 'OpenROAD.DetailedPlacement' at 'project/m4/synth/runs/RUN_2026-06-07_22-16-38/33-openroad-detailedplacement'…
Logging subprocess to [repr.filename]'project/m4/synth/runs/RUN_2026-06-07_22-16-38/33-openroad-detailedplacement/openroad-detailedplacement.log'[/repr.filename]…
Running 'OpenROAD.CTS' at 'project/m4/synth/runs/RUN_2026-06-07_22-16-38/34-openroad-cts'…
Logging subprocess to [repr.filename]'project/m4/synth/runs/RUN_2026-06-07_22-16-38/34-openroad-cts/openroad-cts.log'[/repr.filename]…
Running 'OpenROAD.STAMidPNR-1' at 'project/m4/synth/runs/RUN_2026-06-07_22-16-38/35-openroad-stamidpnr-1'…
Logging subprocess to [repr.filename]'project/m4/synth/runs/RUN_2026-06-07_22-16-38/35-openroad-stamidpnr-1/openroad-stamidpnr-1.log'[/repr.filename]…
[GRT-0097] No global routing found for nets.
Running 'OpenROAD.ResizerTimingPostCTS' at 'project/m4/synth/runs/RUN_2026-06-07_22-16-38/36-openroad-resizertimingpostcts'…
Logging subprocess to [repr.filename]'project/m4/synth/runs/RUN_2026-06-07_22-16-38/36-openroad-resizertimingpostcts/openroad-resizertimingpostcts.log'[/repr.filename]…
Running 'OpenROAD.STAMidPNR-2' at 'project/m4/synth/runs/RUN_2026-06-07_22-16-38/37-openroad-stamidpnr-2'…
Logging subprocess to [repr.filename]'project/m4/synth/runs/RUN_2026-06-07_22-16-38/37-openroad-stamidpnr-2/openroad-stamidpnr-2.log'[/repr.filename]…
[GRT-0097] No global routing found for nets.
Running 'OpenROAD.GlobalRouting' at 'project/m4/synth/runs/RUN_2026-06-07_22-16-38/38-openroad-globalrouting'…
Logging subprocess to [repr.filename]'project/m4/synth/runs/RUN_2026-06-07_22-16-38/38-openroad-globalrouting/openroad-globalrouting.log'[/repr.filename]…
Running 'OpenROAD.CheckAntennas' at 'project/m4/synth/runs/RUN_2026-06-07_22-16-38/39-openroad-checkantennas'…
Logging subprocess to [repr.filename]'project/m4/synth/runs/RUN_2026-06-07_22-16-38/39-openroad-checkantennas/openroad-checkantennas.log'[/repr.filename]…
Gating variable for step 'OpenROAD.RepairDesignPostGRT' set to 'False'- the step will be skipped.
Skipping step 'Repair Design (Post-Global Routing)'…
Running 'Odb.DiodesOnPorts' at 'project/m4/synth/runs/RUN_2026-06-07_22-16-38/40-odb-diodesonports'…
'DIODE_ON_PORTS' is set to 'none': skipping…
Gating variable for step 'Odb.HeuristicDiodeInsertion' set to 'False'- the step will be skipped.
Skipping step 'Heuristic Diode Insertion'…
Running 'OpenROAD.RepairAntennas' at 'project/m4/synth/runs/RUN_2026-06-07_22-16-38/41-openroad-repairantennas'…
Running 'DiodeInsertion' at 'project/m4/synth/runs/RUN_2026-06-07_22-16-38/41-openroad-repairantennas/1-diodeinsertion'…
Logging subprocess to [repr.filename]'project/m4/synth/runs/RUN_2026-06-07_22-16-38/41-openroad-repairantennas/1-diodeinsertion/diodeinsertion.log'[/repr.filename]…
Running 'OpenROAD.CheckAntennas' at 'project/m4/synth/runs/RUN_2026-06-07_22-16-38/41-openroad-repairantennas/2-openroad-checkantennas'…
Logging subprocess to [repr.filename]'project/m4/synth/runs/RUN_2026-06-07_22-16-38/41-openroad-repairantennas/2-openroad-checkantennas/openroad-checkantennas.log'[/repr.filename]…
Gating variable for step 'OpenROAD.ResizerTimingPostGRT' set to 'False'- the step will be skipped.
Skipping step 'Resizer Timing Optimizations (Post-Global Routing)'…
Running 'OpenROAD.STAMidPNR-3' at 'project/m4/synth/runs/RUN_2026-06-07_22-16-38/42-openroad-stamidpnr-3'…
Logging subprocess to [repr.filename]'project/m4/synth/runs/RUN_2026-06-07_22-16-38/42-openroad-stamidpnr-3/openroad-stamidpnr-3.log'[/repr.filename]…
Running 'OpenROAD.DetailedRouting' at 'project/m4/synth/runs/RUN_2026-06-07_22-16-38/43-openroad-detailedrouting'…
Running TritonRoute with 2 threads…
Logging subprocess to [repr.filename]'project/m4/synth/runs/RUN_2026-06-07_22-16-38/43-openroad-detailedrouting/openroad-detailedrouting.log'[/repr.filename]…
[DRT-0349] LEF58_ENCLOSURE with no CUTCLASS is not supported. Skipping for layer mcon
[DRT-0349] LEF58_ENCLOSURE with no CUTCLASS is not supported. Skipping for layer mcon
[DRT-0349] LEF58_ENCLOSURE with no CUTCLASS is not supported. Skipping for layer via
[DRT-0349] LEF58_ENCLOSURE with no CUTCLASS is not supported. Skipping for layer via
[DRT-0349] LEF58_ENCLOSURE with no CUTCLASS is not supported. Skipping for layer via2
[DRT-0349] LEF58_ENCLOSURE with no CUTCLASS is not supported. Skipping for layer via2
[DRT-0349] LEF58_ENCLOSURE with no CUTCLASS is not supported. Skipping for layer via3
[DRT-0349] LEF58_ENCLOSURE with no CUTCLASS is not supported. Skipping for layer via3
[DRT-0349] LEF58_ENCLOSURE with no CUTCLASS is not supported. Skipping for layer via4
[DRT-0349] LEF58_ENCLOSURE with no CUTCLASS is not supported. Skipping for layer via4
Running 'Odb.RemoveRoutingObstructions' at 'project/m4/synth/runs/RUN_2026-06-07_22-16-38/44-odb-removeroutingobstructions'…
'ROUTING_OBSTRUCTIONS' is not defined. Skipping 'Odb.RemoveRoutingObstructions'…
Running 'OpenROAD.CheckAntennas-1' at 'project/m4/synth/runs/RUN_2026-06-07_22-16-38/45-openroad-checkantennas-1'…
Logging subprocess to [repr.filename]'project/m4/synth/runs/RUN_2026-06-07_22-16-38/45-openroad-checkantennas-1/openroad-checkantennas-1.log'[/repr.filename]…
Running 'Checker.TrDRC' at 'project/m4/synth/runs/RUN_2026-06-07_22-16-38/46-checker-trdrc'…
Check for Routing DRC errors clear.
Running 'Odb.ReportDisconnectedPins' at 'project/m4/synth/runs/RUN_2026-06-07_22-16-38/47-odb-reportdisconnectedpins'…
Logging subprocess to [repr.filename]'project/m4/synth/runs/RUN_2026-06-07_22-16-38/47-odb-reportdisconnectedpins/odb-reportdisconnectedpins.log'[/repr.filename]…
Running 'Checker.DisconnectedPins' at 'project/m4/synth/runs/RUN_2026-06-07_22-16-38/48-checker-disconnectedpins'…
Check for critical disconnected pins clear.
Running 'Odb.ReportWireLength' at 'project/m4/synth/runs/RUN_2026-06-07_22-16-38/49-odb-reportwirelength'…
Logging subprocess to [repr.filename]'project/m4/synth/runs/RUN_2026-06-07_22-16-38/49-odb-reportwirelength/odb-reportwirelength.log'[/repr.filename]…
Running 'Checker.WireLength' at 'project/m4/synth/runs/RUN_2026-06-07_22-16-38/50-checker-wirelength'…
Threshold for Threshold-surpassing long wires is not set. The checker will be skipped.
Running 'OpenROAD.FillInsertion' at 'project/m4/synth/runs/RUN_2026-06-07_22-16-38/51-openroad-fillinsertion'…
Logging subprocess to [repr.filename]'project/m4/synth/runs/RUN_2026-06-07_22-16-38/51-openroad-fillinsertion/openroad-fillinsertion.log'[/repr.filename]…
Running 'Odb.CellFrequencyTables' at 'project/m4/synth/runs/RUN_2026-06-07_22-16-38/52-odb-cellfrequencytables'…
Logging subprocess to [repr.filename]'project/m4/synth/runs/RUN_2026-06-07_22-16-38/52-odb-cellfrequencytables/buffer_list.txt'[/repr.filename]…
Logging subprocess to [repr.filename]'project/m4/synth/runs/RUN_2026-06-07_22-16-38/52-odb-cellfrequencytables/odb-cellfrequencytables.log'[/repr.filename]…
Running 'OpenROAD.RCX' at 'project/m4/synth/runs/RUN_2026-06-07_22-16-38/53-openroad-rcx'…
Running RCX for corners matching nom_* (/workspaces/ECE410_HW_for_AI/project/m4/synth/runs/RUN_2026-06-07_22-16-38/53-openroad-rcx/nom/rcx.log)…
Running RCX for corners matching min_* (/workspaces/ECE410_HW_for_AI/project/m4/synth/runs/RUN_2026-06-07_22-16-38/53-openroad-rcx/min/rcx.log)…
Logging subprocess to [repr.filename]'project/m4/synth/runs/RUN_2026-06-07_22-16-38/53-openroad-rcx/nom/rcx.log'[/repr.filename]…
Logging subprocess to [repr.filename]'project/m4/synth/runs/RUN_2026-06-07_22-16-38/53-openroad-rcx/min/rcx.log'[/repr.filename]…
Finished RCX for corners matching min_*.
Running RCX for corners matching max_* (/workspaces/ECE410_HW_for_AI/project/m4/synth/runs/RUN_2026-06-07_22-16-38/53-openroad-rcx/max/rcx.log)…
Finished RCX for corners matching nom_*.
Logging subprocess to [repr.filename]'project/m4/synth/runs/RUN_2026-06-07_22-16-38/53-openroad-rcx/max/rcx.log'[/repr.filename]…
Finished RCX for corners matching max_*.
Running 'OpenROAD.STAPostPNR' at 'project/m4/synth/runs/RUN_2026-06-07_22-16-38/54-openroad-stapostpnr'…
Starting STA for the nom_tt_025C_1v80 timing corner…
Starting STA for the nom_ss_100C_1v60 timing corner…
Logging subprocess to [repr.filename]'project/m4/synth/runs/RUN_2026-06-07_22-16-38/54-openroad-stapostpnr/nom_tt_025C_1v80/sta.log'[/repr.filename]…
Logging subprocess to [repr.filename]'project/m4/synth/runs/RUN_2026-06-07_22-16-38/54-openroad-stapostpnr/nom_ss_100C_1v60/sta.log'[/repr.filename]…
Finished STA for the nom_tt_025C_1v80 timing corner.
Logging subprocess to [repr.filename]'project/m4/synth/runs/RUN_2026-06-07_22-16-38/54-openroad-stapostpnr/nom_tt_025C_1v80/filter_unannotated.log'[/repr.filename]…
Finished STA for the nom_ss_100C_1v60 timing corner.
Logging subprocess to [repr.filename]'project/m4/synth/runs/RUN_2026-06-07_22-16-38/54-openroad-stapostpnr/nom_ss_100C_1v60/filter_unannotated.log'[/repr.filename]…
Starting STA for the nom_ff_n40C_1v95 timing corner…
Logging subprocess to [repr.filename]'project/m4/synth/runs/RUN_2026-06-07_22-16-38/54-openroad-stapostpnr/nom_ff_n40C_1v95/sta.log'[/repr.filename]…
Starting STA for the min_tt_025C_1v80 timing corner…
Logging subprocess to [repr.filename]'project/m4/synth/runs/RUN_2026-06-07_22-16-38/54-openroad-stapostpnr/min_tt_025C_1v80/sta.log'[/repr.filename]…
Finished STA for the min_tt_025C_1v80 timing corner.
Logging subprocess to [repr.filename]'project/m4/synth/runs/RUN_2026-06-07_22-16-38/54-openroad-stapostpnr/min_tt_025C_1v80/filter_unannotated.log'[/repr.filename]…
Finished STA for the nom_ff_n40C_1v95 timing corner.
Logging subprocess to [repr.filename]'project/m4/synth/runs/RUN_2026-06-07_22-16-38/54-openroad-stapostpnr/nom_ff_n40C_1v95/filter_unannotated.log'[/repr.filename]…
Starting STA for the min_ss_100C_1v60 timing corner…
Logging subprocess to [repr.filename]'project/m4/synth/runs/RUN_2026-06-07_22-16-38/54-openroad-stapostpnr/min_ss_100C_1v60/sta.log'[/repr.filename]…
Starting STA for the min_ff_n40C_1v95 timing corner…
Logging subprocess to [repr.filename]'project/m4/synth/runs/RUN_2026-06-07_22-16-38/54-openroad-stapostpnr/min_ff_n40C_1v95/sta.log'[/repr.filename]…
Finished STA for the min_ss_100C_1v60 timing corner.
Logging subprocess to [repr.filename]'project/m4/synth/runs/RUN_2026-06-07_22-16-38/54-openroad-stapostpnr/min_ss_100C_1v60/filter_unannotated.log'[/repr.filename]…
Finished STA for the min_ff_n40C_1v95 timing corner.
Logging subprocess to [repr.filename]'project/m4/synth/runs/RUN_2026-06-07_22-16-38/54-openroad-stapostpnr/min_ff_n40C_1v95/filter_unannotated.log'[/repr.filename]…
Starting STA for the max_tt_025C_1v80 timing corner…
Logging subprocess to [repr.filename]'project/m4/synth/runs/RUN_2026-06-07_22-16-38/54-openroad-stapostpnr/max_tt_025C_1v80/sta.log'[/repr.filename]…
Starting STA for the max_ss_100C_1v60 timing corner…
Logging subprocess to [repr.filename]'project/m4/synth/runs/RUN_2026-06-07_22-16-38/54-openroad-stapostpnr/max_ss_100C_1v60/sta.log'[/repr.filename]…
Finished STA for the max_tt_025C_1v80 timing corner.
Logging subprocess to [repr.filename]'project/m4/synth/runs/RUN_2026-06-07_22-16-38/54-openroad-stapostpnr/max_tt_025C_1v80/filter_unannotated.log'[/repr.filename]…
Finished STA for the max_ss_100C_1v60 timing corner.
Logging subprocess to [repr.filename]'project/m4/synth/runs/RUN_2026-06-07_22-16-38/54-openroad-stapostpnr/max_ss_100C_1v60/filter_unannotated.log'[/repr.filename]…
Starting STA for the max_ff_n40C_1v95 timing corner…
Logging subprocess to [repr.filename]'project/m4/synth/runs/RUN_2026-06-07_22-16-38/54-openroad-stapostpnr/max_ff_n40C_1v95/sta.log'[/repr.filename]…
Finished STA for the max_ff_n40C_1v95 timing corner.
Logging subprocess to [repr.filename]'project/m4/synth/runs/RUN_2026-06-07_22-16-38/54-openroad-stapostpnr/max_ff_n40C_1v95/filter_unannotated.log'[/repr.filename]…
Running 'OpenROAD.IRDropReport' at 'project/m4/synth/runs/RUN_2026-06-07_22-16-38/55-openroad-irdropreport'…
'VSRC_LOC_FILES' was not given a value, which may make the results of IR drop analysis inaccurate. If you are not integrating a top-level chip for manufacture, you may ignore this warning, otherwise, see the documentation for 'VSRC_LOC_FILES'.
Logging subprocess to [repr.filename]'project/m4/synth/runs/RUN_2026-06-07_22-16-38/55-openroad-irdropreport/openroad-irdropreport.log'[/repr.filename]…
[INFO PSM-0040] All shapes on net VPWR are connected.
########## IR report #################
Net              : VPWR
Corner           : nom_tt_025C_1v80
Supply voltage   : 1.80e+00 V
Worstcase voltage: 1.80e+00 V
Average voltage  : 1.80e+00 V
Average IR drop  : 2.55e-04 V
Worstcase IR drop: 1.31e-03 V
Percentage drop  : 0.07 %
######################################
[INFO PSM-0040] All shapes on net VGND are connected.
########## IR report #################
Net              : VGND
Corner           : nom_tt_025C_1v80
Supply voltage   : 0.00e+00 V
Worstcase voltage: 1.39e-03 V
Average voltage  : 2.53e-04 V
Average IR drop  : 2.53e-04 V
Worstcase IR drop: 1.39e-03 V
Percentage drop  : 0.08 %
######################################

Running 'Magic.StreamOut' at 'project/m4/synth/runs/RUN_2026-06-07_22-16-38/56-magic-streamout'…
Logging subprocess to [repr.filename]'project/m4/synth/runs/RUN_2026-06-07_22-16-38/56-magic-streamout/magic-streamout.log'[/repr.filename]…
Running 'KLayout.StreamOut' at 'project/m4/synth/runs/RUN_2026-06-07_22-16-38/57-klayout-streamout'…
Logging subprocess to [repr.filename]'project/m4/synth/runs/RUN_2026-06-07_22-16-38/57-klayout-streamout/klayout-streamout.log'[/repr.filename]…
Running 'Magic.WriteLEF' at 'project/m4/synth/runs/RUN_2026-06-07_22-16-38/58-magic-writelef'…
Logging subprocess to [repr.filename]'project/m4/synth/runs/RUN_2026-06-07_22-16-38/58-magic-writelef/magic-writelef.log'[/repr.filename]…
Running 'Odb.CheckDesignAntennaProperties' at 'project/m4/synth/runs/RUN_2026-06-07_22-16-38/59-odb-checkdesignantennaproperties'…
Logging subprocess to [repr.filename]'project/m4/synth/runs/RUN_2026-06-07_22-16-38/59-odb-checkdesignantennaproperties/odb-checkdesignantennaproperties.log'[/repr.filename]…
Cell 'top' has (8) input pin(s) without antenna gate information. They might not be connected to a gate.
Running 'KLayout.XOR' at 'project/m4/synth/runs/RUN_2026-06-07_22-16-38/60-klayout-xor'…
Running XOR with 2 threads…
Logging subprocess to [repr.filename]'project/m4/synth/runs/RUN_2026-06-07_22-16-38/60-klayout-xor/klayout-xor.log'[/repr.filename]…
Running 'Checker.XOR' at 'project/m4/synth/runs/RUN_2026-06-07_22-16-38/61-checker-xor'…
Check for XOR differences clear.
Running 'Magic.DRC' at 'project/m4/synth/runs/RUN_2026-06-07_22-16-38/62-magic-drc'…
Logging subprocess to [repr.filename]'project/m4/synth/runs/RUN_2026-06-07_22-16-38/62-magic-drc/magic-drc.log'[/repr.filename]…
Running 'KLayout.DRC' at 'project/m4/synth/runs/RUN_2026-06-07_22-16-38/63-klayout-drc'…
Running KLayout DRC with 2 threads…
Logging subprocess to [repr.filename]'project/m4/synth/runs/RUN_2026-06-07_22-16-38/63-klayout-drc/klayout-drc.log'[/repr.filename]…
Logging subprocess to [repr.filename]'project/m4/synth/runs/RUN_2026-06-07_22-16-38/63-klayout-drc/xml_drc_report_to_json.log'[/repr.filename]…
Running 'Checker.MagicDRC' at 'project/m4/synth/runs/RUN_2026-06-07_22-16-38/64-checker-magicdrc'…
Check for Magic DRC errors clear.
Running 'Checker.KLayoutDRC' at 'project/m4/synth/runs/RUN_2026-06-07_22-16-38/65-checker-klayoutdrc'…
Check for KLayout DRC errors clear.
Running 'Magic.SpiceExtraction' at 'project/m4/synth/runs/RUN_2026-06-07_22-16-38/66-magic-spiceextraction'…
Logging subprocess to [repr.filename]'project/m4/synth/runs/RUN_2026-06-07_22-16-38/66-magic-spiceextraction/magic-spiceextraction.log'[/repr.filename]…
Running 'Checker.IllegalOverlap' at 'project/m4/synth/runs/RUN_2026-06-07_22-16-38/67-checker-illegaloverlap'…
Check for Magic Illegal Overlap errors clear.
Running 'Netgen.LVS' at 'project/m4/synth/runs/RUN_2026-06-07_22-16-38/68-netgen-lvs'…
Logging subprocess to [repr.filename]'project/m4/synth/runs/RUN_2026-06-07_22-16-38/68-netgen-lvs/netgen-lvs.log'[/repr.filename]…
Running 'Checker.LVS' at 'project/m4/synth/runs/RUN_2026-06-07_22-16-38/69-checker-lvs'…
Check for LVS errors clear.
Gating variable for step 'Yosys.EQY' set to 'False'- the step will be skipped.
Skipping step 'Equivalence Check'…
Running 'Checker.SetupViolations' at 'project/m4/synth/runs/RUN_2026-06-07_22-16-38/70-checker-setupviolations'…
No setup violations found
Running 'Checker.HoldViolations' at 'project/m4/synth/runs/RUN_2026-06-07_22-16-38/71-checker-holdviolations'…
No hold violations found
Running 'Checker.MaxSlewViolations' at 'project/m4/synth/runs/RUN_2026-06-07_22-16-38/72-checker-maxslewviolations'…
No max slew violations found
Running 'Checker.MaxCapViolations' at 'project/m4/synth/runs/RUN_2026-06-07_22-16-38/73-checker-maxcapviolations'…
No max cap violations found
Running 'Misc.ReportManufacturability' at 'project/m4/synth/runs/RUN_2026-06-07_22-16-38/74-misc-reportmanufacturability'…
Saving views to '/workspaces/ECE410_HW_for_AI/project/m4/synth/runs/RUN_2026-06-07_22-16-38/final'…
Flow complete.
